/Users/adham/Downloads/remoroo_offline_engine/.venv/lib/python3.11/site-packages/pygame/pkgdata.py:25: UserWarning: pkg_resources is deprecated as an API. See https://setuptools.pypa.io/en/latest/pkg_resources.html. The pkg_resources package is slated for removal as early as 2025-11-30. Refrain from using this package or pin to Setuptools<81.
  from pkg_resources import resource_stream, resource_exists
pygame 2.6.1 (SDL 2.28.4, Python 3.11.14)
Hello from the pygame community. https://www.pygame.org/contribute.html
objc[76897]: Class SDLApplication is implemented in both /Users/adham/Downloads/remoroo_offline_engine/.venv/lib/python3.11/site-packages/pygame/.dylibs/libSDL2-2.0.0.dylib (0x14f0612c8) and /Users/adham/Downloads/remoroo_offline_engine/.venv/lib/python3.11/site-packages/cv2/.dylibs/libSDL2-2.0.0.dylib (0x168d2c890). This may cause spurious casting failures and mysterious crashes. One of the duplicates must be removed or renamed.
objc[76897]: Class SDLAppDelegate is implemented in both /Users/adham/Downloads/remoroo_offline_engine/.venv/lib/python3.11/site-packages/pygame/.dylibs/libSDL2-2.0.0.dylib (0x14f061318) and /Users/adham/Downloads/remoroo_offline_engine/.venv/lib/python3.11/site-packages/cv2/.dylibs/libSDL2-2.0.0.dylib (0x168d2c8e0). This may cause spurious casting failures and mysterious crashes. One of the duplicates must be removed or renamed.
objc[76897]: Class SDLTranslatorResponder is implemented in both /Users/adham/Downloads/remoroo_offline_engine/.venv/lib/python3.11/site-packages/pygame/.dylibs/libSDL2-2.0.0.dylib (0x14f061390) and /Users/adham/Downloads/remoroo_offline_engine/.venv/lib/python3.11/site-packages/cv2/.dylibs/libSDL2-2.0.0.dylib (0x168d2c958). This may cause spurious casting failures and mysterious crashes. One of the duplicates must be removed or renamed.
objc[76897]: Class SDLMessageBoxPresenter is implemented in both /Users/adham/Downloads/remoroo_offline_engine/.venv/lib/python3.11/site-packages/pygame/.dylibs/libSDL2-2.0.0.dylib (0x14f0613b8) and /Users/adham/Downloads/remoroo_offline_engine/.venv/lib/python3.11/site-packages/cv2/.dylibs/libSDL2-2.0.0.dylib (0x168d2c980). This may cause spurious casting failures and mysterious crashes. One of the duplicates must be removed or renamed.
objc[76897]: Class SDL_cocoametalview is implemented in both /Users/adham/Downloads/remoroo_offline_engine/.venv/lib/python3.11/site-packages/pygame/.dylibs/libSDL2-2.0.0.dylib (0x14f061408) and /Users/adham/Downloads/remoroo_offline_engine/.venv/lib/python3.11/site-packages/cv2/.dylibs/libSDL2-2.0.0.dylib (0x168d2c9d0). This may cause spurious casting failures and mysterious crashes. One of the duplicates must be removed or renamed.
objc[76897]: Class SDLOpenGLContext is implemented in both /Users/adham/Downloads/remoroo_offline_engine/.venv/lib/python3.11/site-packages/pygame/.dylibs/libSDL2-2.0.0.dylib (0x14f061458) and /Users/adham/Downloads/remoroo_offline_engine/.venv/lib/python3.11/site-packages/cv2/.dylibs/libSDL2-2.0.0.dylib (0x168d2ca20). This may cause spurious casting failures and mysterious crashes. One of the duplicates must be removed or renamed.
objc[76897]: Class SDL_ShapeData is implemented in both /Users/adham/Downloads/remoroo_offline_engine/.venv/lib/python3.11/site-packages/pygame/.dylibs/libSDL2-2.0.0.dylib (0x14f0614d0) and /Users/adham/Downloads/remoroo_offline_engine/.venv/lib/python3.11/site-packages/cv2/.dylibs/libSDL2-2.0.0.dylib (0x168d2ca98). This may cause spurious casting failures and mysterious crashes. One of the duplicates must be removed or renamed.
objc[76897]: Class SDL_CocoaClosure is implemented in both /Users/adham/Downloads/remoroo_offline_engine/.venv/lib/python3.11/site-packages/pygame/.dylibs/libSDL2-2.0.0.dylib (0x14f061520) and /Users/adham/Downloads/remoroo_offline_engine/.venv/lib/python3.11/site-packages/cv2/.dylibs/libSDL2-2.0.0.dylib (0x168d2cae8). This may cause spurious casting failures and mysterious crashes. One of the duplicates must be removed or renamed.
objc[76897]: Class SDL_VideoData is implemented in both /Users/adham/Downloads/remoroo_offline_engine/.venv/lib/python3.11/site-packages/pygame/.dylibs/libSDL2-2.0.0.dylib (0x14f061570) and /Users/adham/Downloads/remoroo_offline_engine/.venv/lib/python3.11/site-packages/cv2/.dylibs/libSDL2-2.0.0.dylib (0x168d2cb38). This may cause spurious casting failures and mysterious crashes. One of the duplicates must be removed or renamed.
objc[76897]: Class SDL_WindowData is implemented in both /Users/adham/Downloads/remoroo_offline_engine/.venv/lib/python3.11/site-packages/pygame/.dylibs/libSDL2-2.0.0.dylib (0x14f0615c0) and /Users/adham/Downloads/remoroo_offline_engine/.venv/lib/python3.11/site-packages/cv2/.dylibs/libSDL2-2.0.0.dylib (0x168d2cb88). This may cause spurious casting failures and mysterious crashes. One of the duplicates must be removed or renamed.
objc[76897]: Class SDLWindow is implemented in both /Users/adham/Downloads/remoroo_offline_engine/.venv/lib/python3.11/site-packages/pygame/.dylibs/libSDL2-2.0.0.dylib (0x14f0615e8) and /Users/adham/Downloads/remoroo_offline_engine/.venv/lib/python3.11/site-packages/cv2/.dylibs/libSDL2-2.0.0.dylib (0x168d2cbb0). This may cause spurious casting failures and mysterious crashes. One of the duplicates must be removed or renamed.
objc[76897]: Class Cocoa_WindowListener is implemented in both /Users/adham/Downloads/remoroo_offline_engine/.venv/lib/python3.11/site-packages/pygame/.dylibs/libSDL2-2.0.0.dylib (0x14f061610) and /Users/adham/Downloads/remoroo_offline_engine/.venv/lib/python3.11/site-packages/cv2/.dylibs/libSDL2-2.0.0.dylib (0x168d2cbd8). This may cause spurious casting failures and mysterious crashes. One of the duplicates must be removed or renamed.
objc[76897]: Class SDLView is implemented in both /Users/adham/Downloads/remoroo_offline_engine/.venv/lib/python3.11/site-packages/pygame/.dylibs/libSDL2-2.0.0.dylib (0x14f061688) and /Users/adham/Downloads/remoroo_offline_engine/.venv/lib/python3.11/site-packages/cv2/.dylibs/libSDL2-2.0.0.dylib (0x168d2cc50). This may cause spurious casting failures and mysterious crashes. One of the duplicates must be removed or renamed.
objc[76897]: Class METAL_RenderData is implemented in both /Users/adham/Downloads/remoroo_offline_engine/.venv/lib/python3.11/site-packages/pygame/.dylibs/libSDL2-2.0.0.dylib (0x14f061700) and /Users/adham/Downloads/remoroo_offline_engine/.venv/lib/python3.11/site-packages/cv2/.dylibs/libSDL2-2.0.0.dylib (0x168d2ccc8). This may cause spurious casting failures and mysterious crashes. One of the duplicates must be removed or renamed.
objc[76897]: Class METAL_TextureData is implemented in both /Users/adham/Downloads/remoroo_offline_engine/.venv/lib/python3.11/site-packages/pygame/.dylibs/libSDL2-2.0.0.dylib (0x14f061750) and /Users/adham/Downloads/remoroo_offline_engine/.venv/lib/python3.11/site-packages/cv2/.dylibs/libSDL2-2.0.0.dylib (0x168d2cd18). This may cause spurious casting failures and mysterious crashes. One of the duplicates must be removed or renamed.
objc[76897]: Class SDL_RumbleMotor is implemented in both /Users/adham/Downloads/remoroo_offline_engine/.venv/lib/python3.11/site-packages/pygame/.dylibs/libSDL2-2.0.0.dylib (0x14f061778) and /Users/adham/Downloads/remoroo_offline_engine/.venv/lib/python3.11/site-packages/cv2/.dylibs/libSDL2-2.0.0.dylib (0x168d2cd40). This may cause spurious casting failures and mysterious crashes. One of the duplicates must be removed or renamed.
objc[76897]: Class SDL_RumbleContext is implemented in both /Users/adham/Downloads/remoroo_offline_engine/.venv/lib/python3.11/site-packages/pygame/.dylibs/libSDL2-2.0.0.dylib (0x14f0617c8) and /Users/adham/Downloads/remoroo_offline_engine/.venv/lib/python3.11/site-packages/cv2/.dylibs/libSDL2-2.0.0.dylib (0x168d2cd90). This may cause spurious casting failures and mysterious crashes. One of the duplicates must be removed or renamed.
s=223 a=38 p=410,958 UTD=5 H=256
[  10000] ep=10 a100=4.7 eval=3.0+/-0.8 a=0.0035 SPS=43 t=3.9m
  ** best=3.0
[  20000] ep=20 a100=6.2 eval=5.1+/-1.5 a=0.0012 SPS=27 t=12.2m
  ** best=5.1
[  30000] ep=30 a100=6.4 eval=7.7+/-3.1 a=0.0003 SPS=25 t=19.9m
  ** best=7.7
[  40000] ep=40 a100=7.1 eval=5.1+/-1.6 a=0.0011 SPS=24 t=27.8m
[  50000] ep=50 a100=7.3 eval=13.8+/-4.0 a=0.0026 SPS=23 t=36.8m
  ** best=13.8
[  60000] ep=60 a100=7.7 eval=14.0+/-3.8 a=0.0034 SPS=22 t=44.8m
  ** best=14.0
[  70000] ep=70 a100=8.0 eval=10.8+/-3.8 a=0.0051 SPS=22 t=52.7m
[  80000] ep=80 a100=8.3 eval=11.9+/-5.4 a=0.0004 SPS=21 t=62.1m
[  90000] ep=90 a100=8.3 eval=8.8+/-4.4 a=0.0023 SPS=22 t=69.5m
[ 100000] ep=100 a100=8.4 eval=6.1+/-1.3 a=0.0047 SPS=21 t=78.3m
[ 110000] ep=110 a100=8.7 eval=4.9+/-1.6 a=0.0008 SPS=21 t=88.8m
[ 120000] ep=120 a100=8.8 eval=9.0+/-4.2 a=0.0020 SPS=21 t=97.4m
[ 130000] ep=130 a100=9.6 eval=15.1+/-3.9 a=0.0014 SPS=20 t=107.6m
  ** best=15.1
[ 140000] ep=140 a100=10.1 eval=9.6+/-4.7 a=0.0019 SPS=20 t=118.7m
